acpi_call
adobe-source-han-sans-cn-fonts
adobe-source-han-serif-cn-fonts
alacritty
alsa-firmware
alsa-plugins
alsa-utils
archlinuxcn-keyring
archlinuxcn-mirrorlist-git
autoconf
automake
base
bat
bind
binutils
bison
blueman
bluez
bluez-utils
dbeaver
dhcpcd
dictd
dmenu
efibootmgr
ethtool
fakeroot
fcitx
fcitx-configtool
feh
file
filezilla
findutils
flameshot
flex
fwupd
gawk
gcc
gettext
git
gnome-themes-extra
goldendict
grep
groff
grub
gtk-engine-murrine
gtk-engines
gzip
i3-gaps
i3lock
i3status
inetutils
intel-media-driver
intel-ucode
inxi
libreoffice-fresh
libreoffice-fresh-sdk
libreoffice-fresh-zh-cn
libtool
lightdm
lightdm-gtk-greeter
linux
linux-firmware
linux-headers
lxappearance
m4
make
man-db
man-pages
mariadb
mosh
mplayer
mtools
neofetch
neovim
nerd-fonts-complete
net-tools
netctl
network-manager-applet
networkmanager
noto-fonts-cjk
ntfs-3g
os-prober
pacman
paru
pasystray
patch
picom
pkgconf
polybar
poppler-data
pulseaudio
pyenv
python2-gobject
qv2ray-dev-git
qv2ray-plugin-trojan-go-dev-git
ranger
redshift
refind
remmina
rust
sed
smplayer
sof-firmware
solaar
spotify
stow
sudo
tcpdump
telegram-desktop-megumifox
termshark-git
texinfo
thunderbird
tlp
trojan-go-git
unixodbc
unzip
v2ray
vi
vim
vlc
wget
which
wireshark-cli
wireshark-qt
wpa_supplicant
wqy-bitmapfont
wqy-microhei
wqy-zenhei
xclip
xf86-video-vesa
xorg-bdftopcf
xorg-docs
xorg-font-util
xorg-fonts-100dpi
xorg-fonts-75dpi
xorg-fonts-encodings
xorg-iceauth
xorg-mkfontscale
xorg-server
xorg-server-common
xorg-server-devel
xorg-server-xephyr
xorg-server-xnest
xorg-server-xvfb
xorg-sessreg
xorg-setxkbmap
xorg-smproxy
xorg-x11perf
xorg-xauth
xorg-xbacklight
xorg-xcmsdb
xorg-xcursorgen
xorg-xdpyinfo
xorg-xdriinfo
xorg-xev
xorg-xgamma
xorg-xhost
xorg-xinput
xorg-xkbcomp
xorg-xkbevd
xorg-xkbutils
xorg-xkill
xorg-xlsatoms
xorg-xlsclients
xorg-xmodmap
xorg-xpr
xorg-xprop
xorg-xrandr
xorg-xrdb
xorg-xrefresh
xorg-xset
xorg-xsetroot
xorg-xvinfo
xorg-xwayland
xorg-xwd
xorg-xwininfo
xorg-xwud
yay
zsh
